
> smed@1.0.0 web
> expo start --web --port 8083 --clear

Starting project at C:\Users\gianl\OneDrive\Documentos\smed
React Compiler enabled
Starting Metro Bundler
warning: Bundler cache is empty, rebuilding (this may take a minute)
Waiting on http://localhost:8083
Logs for your project will appear below.
Web node_modules\expo-router\entry.js ▓▓░░░░░░░░░░░░░░ 16.0% ( 4/10)
λ node_modules\expo-router\node\render.js ░░░░░░░░░░░░░░░░  5.2% (11/49)
Web node_modules\expo-router\entry.js ▓▓▓▓▓░░░░░░░░░░░ 34.0% ( 9/21)
λ node_modules\expo-router\node\render.js ▓▓░░░░░░░░░░░░░░ 18.7% (154/356)
Web node_modules\expo-router\entry.js ▓▓▓▓▓░░░░░░░░░░░ 36.6% (200/361)
λ node_modules\expo-router\node\render.js ▓▓▓▓▓▓▓▓▓░░░░░░░ 61.8% (540/710)
Web node_modules\expo-router\entry.js ▓▓▓▓▓▓▓░░░░░░░░░ 46.9% (373/556)
λ node_modules\expo-router\node\render.js ▓▓▓▓▓▓▓▓▓▓░░░░░░ 68.7% (815/983)
Web node_modules\expo-router\entry.js ▓▓▓▓▓▓▓▓▓▓▓░░░░░ 69.9% (738/902)
λ node_modules\expo-router\node\render.js ▓▓▓▓▓▓▓▓▓▓▓▓▓▓░░ 90.0% (1039/1095)
λ Bundled 18900ms node_modules\expo-router\node\render.js (1278 modules)
Web node_modules\expo-router\entry.js ▓▓▓▓▓▓▓▓▓▓▓▓▓▓▓░ 98.2% (1236/1247)
λ node_modules\expo-router\node\render.js ▓▓▓▓▓▓▓▓▓▓▓▓▓▓▓░ 99.9% (1278/1278)
Web node_modules\expo-router\entry.js ▓▓▓▓▓▓▓▓▓▓▓▓▓▓▓░ 98.6% (1243/1253)
Web Bundled 24451ms node_modules\expo-router\entry.js (1254 modules)
Web node_modules\expo-router\entry.js ░░░░░░░░░░░░░░░░  0.0% (0/1)
λ Bundled 64ms node_modules\expo-router\node\render.js (1 module)
Web Bundled 702ms node_modules\expo-router\entry.js (1 module)
Web node_modules\expo-router\entry.js ░░░░░░░░░░░░░░░░  0.0% (0/1)
λ Bundled 43ms node_modules\expo-router\node\render.js (1 module)
Web Bundled 656ms node_modules\expo-router\entry.js (1 module)
λ Bundled 45ms node_modules\expo-router\node\render.js (1 module)
Web Bundled 558ms node_modules\expo-router\entry.js (1 module)
Web node_modules\expo-router\entry.js ░░░░░░░░░░░░░░░░  0.0% (0/1)
λ Bundled 159ms node_modules\expo-router\node\render.js (1 module)
Web Bundled 1265ms node_modules\expo-router\entry.js (1 module)
λ Bundled 56ms node_modules\expo-router\node\render.js (1 module)
Web Bundled 613ms node_modules\expo-router\entry.js (1 module)
λ Bundled 39ms node_modules\expo-router\node\render.js (1 module)
Web Bundled 555ms node_modules\expo-router\entry.js (1 module)
Web node_modules\expo-router\entry.js ░░░░░░░░░░░░░░░░  0.0% (0/1)
λ Bundled 116ms node_modules\expo-router\node\render.js (1 module)
Web Bundled 1171ms node_modules\expo-router\entry.js (1 module)
λ Bundled 47ms node_modules\expo-router\node\render.js (1 module)
Web Bundled 550ms node_modules\expo-router\entry.js (1 module)
λ Bundled 58ms node_modules\expo-router\node\render.js (1 module)
Web Bundled 594ms node_modules\expo-router\entry.js (1 module)
λ Bundled 42ms node_modules\expo-router\node\render.js (1 module)
Web Bundled 554ms node_modules\expo-router\entry.js (1 module)
Web node_modules\expo-router\entry.js ░░░░░░░░░░░░░░░░  0.0% (0/1)
λ Bundled 164ms node_modules\expo-router\node\render.js (1 module)
Web Bundled 1171ms node_modules\expo-router\entry.js (1 module)
λ Bundled 42ms node_modules\expo-router\node\render.js (1 module)
Web Bundled 547ms node_modules\expo-router\entry.js (1 module)
